// Vitest Snapshot v1, https://vitest.dev/guide/snapshot.html

exports[`UrlForm.vue > ignoreHeik: falseの場合 > スナップショットテスト 1`] = `
<div
  data-v-app=""
>
  
  <div
    class="v-input v-input--horizontal v-input--center-affix v-input--density-default v-locale--is-ltr v-text-field"
  >
    <!---->
    <div
      class="v-input__control"
    >
      
      <div
        class="v-field v-field--active v-field--center-affix v-field--flat v-field--variant-solo-filled v-theme--light v-locale--is-ltr"
      >
        <div
          class="v-field__overlay"
        />
        <div
          class="v-field__loader"
        >
          <div
            aria-hidden="true"
            aria-valuemax="100"
            aria-valuemin="0"
            class="v-progress-linear v-theme--light v-locale--is-ltr"
            role="progressbar"
            style="top: 0px; height: 0px; --v-progress-linear-height: 2px; left: 50%; transform: translateX(-50%);"
          >
            <!---->
            <div
              class="v-progress-linear__background bg-primary"
              style="width: 100%;"
            />
            <transition-stub
              appear="false"
              css="true"
              name="fade-transition"
              persisted="false"
            >
              <div
                class="v-progress-linear__indeterminate"
              >
                
                <div
                  class="v-progress-linear__indeterminate long bg-primary"
                />
                <div
                  class="v-progress-linear__indeterminate short bg-primary"
                />
                
              </div>
            </transition-stub>
            <!---->
          </div>
        </div>
        <!---->
        <div
          class="v-field__field"
          data-no-activator=""
        >
          <label
            aria-hidden="true"
            class="v-label v-field-label v-field-label--floating"
            for="input-0"
          >
            <!---->
            
            
            <i
              aria-hidden="true"
              class="mdi-link-variant mdi v-icon notranslate v-theme--light v-icon--size-default mr-1"
            />
             キャラクター保管所のURL 
            
            
          </label>
          <label
            class="v-label v-field-label"
            for="input-0"
          >
            <!---->
            
            
            <i
              aria-hidden="true"
              class="mdi-link-variant mdi v-icon notranslate v-theme--light v-icon--size-default mr-1"
            />
             キャラクター保管所のURL 
            
            
          </label>
          
          
          <!---->
          <input
            aria-describedby="input-0-messages"
            class="v-field__input"
            id="input-0"
            placeholder="必須"
            size="1"
            type="text"
          />
          <!---->
          
          
        </div>
        <!---->
        <!---->
        <div
          class="v-field__outline"
        >
          <!---->
          <!---->
        </div>
      </div>
      
    </div>
    <!---->
    <!---->
  </div>
  
</div>
`;

exports[`UrlForm.vue > ignoreHeiki: trueの場合 > スナップショットテスト 1`] = `
<div
  data-v-app=""
>
  
  <div
    class="v-input v-input--horizontal v-input--center-affix v-input--density-default v-locale--is-ltr v-text-field"
  >
    <!---->
    <div
      class="v-input__control"
    >
      
      <div
        class="v-field v-field--active v-field--center-affix v-field--flat v-field--variant-solo-filled v-theme--light v-locale--is-ltr"
      >
        <div
          class="v-field__overlay"
        />
        <div
          class="v-field__loader"
        >
          <div
            aria-hidden="true"
            aria-valuemax="100"
            aria-valuemin="0"
            class="v-progress-linear v-theme--light v-locale--is-ltr"
            role="progressbar"
            style="top: 0px; height: 0px; --v-progress-linear-height: 2px; left: 50%; transform: translateX(-50%);"
          >
            <!---->
            <div
              class="v-progress-linear__background bg-primary"
              style="width: 100%;"
            />
            <transition-stub
              appear="false"
              css="true"
              name="fade-transition"
              persisted="false"
            >
              <div
                class="v-progress-linear__indeterminate"
              >
                
                <div
                  class="v-progress-linear__indeterminate long bg-primary"
                />
                <div
                  class="v-progress-linear__indeterminate short bg-primary"
                />
                
              </div>
            </transition-stub>
            <!---->
          </div>
        </div>
        <!---->
        <div
          class="v-field__field"
          data-no-activator=""
        >
          <label
            aria-hidden="true"
            class="v-label v-field-label v-field-label--floating"
            for="input-0"
          >
            <!---->
            
            
            <i
              aria-hidden="true"
              class="mdi-link-variant mdi v-icon notranslate v-theme--light v-icon--size-default mr-1"
            />
             キャラクター保管所のURL 
            
            
          </label>
          <label
            class="v-label v-field-label"
            for="input-0"
          >
            <!---->
            
            
            <i
              aria-hidden="true"
              class="mdi-link-variant mdi v-icon notranslate v-theme--light v-icon--size-default mr-1"
            />
             キャラクター保管所のURL 
            
            
          </label>
          
          
          <!---->
          <input
            aria-describedby="input-0-messages"
            class="v-field__input"
            id="input-0"
            placeholder="必須"
            size="1"
            type="text"
          />
          <!---->
          
          
        </div>
        <!---->
        <!---->
        <div
          class="v-field__outline"
        >
          <!---->
          <!---->
        </div>
      </div>
      
    </div>
    <!---->
    <!---->
  </div>
  
</div>
`;
